EN clockmanager NULL C:/Users/Dallas/Documents/XillinxProjects/Projeto_V05/clockmanager.vhd sub00/vhpl14 1674726089
EN vga_sync NULL C:/Users/Dallas/Documents/XillinxProjects/Projeto_V05/vga_sync.vhd sub00/vhpl16 1674726091
AR ps2_rx arch C:/Users/Dallas/Documents/XillinxProjects/Projeto_V05/ps2_rx.vhd sub00/vhpl03 1674726078
AR ps2_rxtx arch C:/Users/Dallas/Documents/XillinxProjects/Projeto_V05/ps2_rxtx.vhd sub00/vhpl05 1674726080
AR char_rom content C:/Users/Dallas/Documents/XillinxProjects/Projeto_V05/char_rom.vhd sub00/vhpl13 1674726088
EN ps2_rx NULL C:/Users/Dallas/Documents/XillinxProjects/Projeto_V05/ps2_rx.vhd sub00/vhpl02 1674726077
EN ps2_tx NULL C:/Users/Dallas/Documents/XillinxProjects/Projeto_V05/ps2_tx.vhd sub00/vhpl00 1674726075
AR mouse arch C:/Users/Dallas/Documents/XillinxProjects/Projeto_V05/mouse.vhd sub00/vhpl11 1674726086
AR disp_hex_mux arch C:/Users/Dallas/Documents/XillinxProjects/Projeto_V05/disp_hext_mux.vhd sub00/vhpl09 1674726084
EN ps2_rxtx NULL C:/Users/Dallas/Documents/XillinxProjects/Projeto_V05/ps2_rxtx.vhd sub00/vhpl04 1674726079
AR pong_top_an behavioral C:/Users/Dallas/Documents/XillinxProjects/Projeto_V05/game_top.vhd sub00/vhpl23 1674726098
AR clockmanager behavioral C:/Users/Dallas/Documents/XillinxProjects/Projeto_V05/clockmanager.vhd sub00/vhpl15 1674726090
EN mouse NULL C:/Users/Dallas/Documents/XillinxProjects/Projeto_V05/mouse.vhd sub00/vhpl10 1674726085
EN rng_unit NULL C:/Users/Dallas/Documents/XillinxProjects/Projeto_V05/rng_unit.vhd sub00/vhpl06 1674726081
EN screen_unit NULL C:/Users/Dallas/Documents/XillinxProjects/Projeto_V05/screen_unit.vhd sub00/vhpl18 1674726093
EN pong_top_an NULL C:/Users/Dallas/Documents/XillinxProjects/Projeto_V05/game_top.vhd sub00/vhpl22 1674726097
EN main_unit NULL C:/Users/Dallas/Documents/XillinxProjects/Projeto_V05/main_unit.vhd sub00/vhpl20 1674726095
EN char_rom NULL C:/Users/Dallas/Documents/XillinxProjects/Projeto_V05/char_rom.vhd sub00/vhpl12 1674726087
AR screen_unit arch C:/Users/Dallas/Documents/XillinxProjects/Projeto_V05/screen_unit.vhd sub00/vhpl19 1674726094
AR main_unit behavioral C:/Users/Dallas/Documents/XillinxProjects/Projeto_V05/main_unit.vhd sub00/vhpl21 1674726096
EN disp_hex_mux NULL C:/Users/Dallas/Documents/XillinxProjects/Projeto_V05/disp_hext_mux.vhd sub00/vhpl08 1674726083
AR vga_sync arch C:/Users/Dallas/Documents/XillinxProjects/Projeto_V05/vga_sync.vhd sub00/vhpl17 1674726092
AR rng_unit behaviour C:/Users/Dallas/Documents/XillinxProjects/Projeto_V05/rng_unit.vhd sub00/vhpl07 1674726082
AR ps2_tx arch C:/Users/Dallas/Documents/XillinxProjects/Projeto_V05/ps2_tx.vhd sub00/vhpl01 1674726076
