V3 57
FL C:/Users/Dallas/Documents/XillinxProjects/Projeto_V04/char_rom.vhd 2023/01/25.17:10:36 P.20131013
FL C:/Users/Dallas/Documents/XillinxProjects/Projeto_V04/clockmanager.vhd 2019/11/12.18:38:10 P.20131013
FL C:/Users/Dallas/Documents/XillinxProjects/Projeto_V04/disp_hext_mux.vhd 2023/01/24.19:20:45 P.20131013
FL C:/Users/Dallas/Documents/XillinxProjects/Projeto_V04/game_top.vhd 2023/01/25.19:43:24 P.20131013
FL C:/Users/Dallas/Documents/XillinxProjects/Projeto_V04/main_unit.vhd 2023/01/25.21:12:14 P.20131013
FL C:/Users/Dallas/Documents/XillinxProjects/Projeto_V04/mouse.vhd 2008/01/28.16:12:30 P.20131013
FL C:/Users/Dallas/Documents/XillinxProjects/Projeto_V04/ps2_rx.vhd 2008/01/28.16:09:26 P.20131013
FL C:/Users/Dallas/Documents/XillinxProjects/Projeto_V04/ps2_rxtx.vhd 2008/01/28.16:12:04 P.20131013
FL C:/Users/Dallas/Documents/XillinxProjects/Projeto_V04/ps2_tx.vhd 2008/01/28.16:11:02 P.20131013
FL C:/Users/Dallas/Documents/XillinxProjects/Projeto_V04/rng_unit.vhd 2023/01/23.14:30:33 P.20131013
FL C:/Users/Dallas/Documents/XillinxProjects/Projeto_V04/screen_unit.vhd 2023/01/25.20:29:54 P.20131013
FL C:/Users/Dallas/Documents/XillinxProjects/Projeto_V04/vga_sync.vhd 2017/11/02.16:31:35 P.20131013
FL C:/Users/Dallas/Documents/XillinxProjects/Projeto_V05/char_rom.vhd 2023/01/25.17:10:36 P.20131013
EN work/char_rom 1674726087 \
      FL C:/Users/Dallas/Documents/XillinxProjects/Projeto_V05/char_rom.vhd \
      PB ieee/std_logic_1164 1381692176 PB ieee/STD_LOGIC_UNSIGNED 1381692179
AR work/char_rom/content 1674726088 \
      FL C:/Users/Dallas/Documents/XillinxProjects/Projeto_V05/char_rom.vhd \
      EN work/char_rom 1674726087
FL C:/Users/Dallas/Documents/XillinxProjects/Projeto_V05/clockmanager.vhd 2019/11/12.18:38:10 P.20131013
EN work/clockmanager 1674726089 \
      FL C:/Users/Dallas/Documents/XillinxProjects/Projeto_V05/clockmanager.vhd \
      PB ieee/std_logic_1164 1381692176 PB ieee/NUMERIC_STD 1381692181 LB UNISIM \
      PH unisim/VCOMPONENTS 1381692182
AR work/clockmanager/BEHAVIORAL 1674726090 \
      FL C:/Users/Dallas/Documents/XillinxProjects/Projeto_V05/clockmanager.vhd \
      EN work/clockmanager 1674726089 CP IBUFG CP BUFG CP DCM_SP
FL C:/Users/Dallas/Documents/XillinxProjects/Projeto_V05/disp_hext_mux.vhd 2023/01/25.21:55:45 P.20131013
EN work/disp_hex_mux 1674726083 \
      FL C:/Users/Dallas/Documents/XillinxProjects/Projeto_V05/disp_hext_mux.vhd \
      PB ieee/std_logic_1164 1381692176 PB ieee/NUMERIC_STD 1381692181
AR work/disp_hex_mux/arch 1674726084 \
      FL C:/Users/Dallas/Documents/XillinxProjects/Projeto_V05/disp_hext_mux.vhd \
      EN work/disp_hex_mux 1674726083
FL C:/Users/Dallas/Documents/XillinxProjects/Projeto_V05/game_top.vhd 2023/01/25.23:02:18 P.20131013
EN work/pong_top_an 1674726097 \
      FL C:/Users/Dallas/Documents/XillinxProjects/Projeto_V05/game_top.vhd \
      PB ieee/std_logic_1164 1381692176
AR work/pong_top_an/Behavioral 1674726098 \
      FL C:/Users/Dallas/Documents/XillinxProjects/Projeto_V05/game_top.vhd \
      EN work/pong_top_an 1674726097 CP work/clockmanager CP work/vga_sync \
      CP work/screen_unit CP work/main_unit
FL C:/Users/Dallas/Documents/XillinxProjects/Projeto_V05/main_unit.vhd 2023/01/25.22:58:02 P.20131013
EN work/main_unit 1674726095 \
      FL C:/Users/Dallas/Documents/XillinxProjects/Projeto_V05/main_unit.vhd \
      PB ieee/std_logic_1164 1381692176 PB ieee/NUMERIC_STD 1381692181 \
      PB ieee/std_logic_arith 1381692177
AR work/main_unit/Behavioral 1674726096 \
      FL C:/Users/Dallas/Documents/XillinxProjects/Projeto_V05/main_unit.vhd \
      EN work/main_unit 1674726095 AR work/rng_unit/behaviour 1674726082 \
      CP work/disp_hex_mux
FL C:/Users/Dallas/Documents/XillinxProjects/Projeto_V05/mouse.vhd 2008/01/28.16:12:30 P.20131013
EN work/mouse 1674726085 \
      FL C:/Users/Dallas/Documents/XillinxProjects/Projeto_V05/mouse.vhd \
      PB ieee/std_logic_1164 1381692176 PB ieee/NUMERIC_STD 1381692181
AR work/mouse/arch 1674726086 \
      FL C:/Users/Dallas/Documents/XillinxProjects/Projeto_V05/mouse.vhd \
      EN work/mouse 1674726085 AR work/ps2_rxtx/arch 1674726080
FL C:/Users/Dallas/Documents/XillinxProjects/Projeto_V05/ps2_rx.vhd 2008/01/28.16:09:26 P.20131013
EN work/ps2_rx 1674726077 \
      FL C:/Users/Dallas/Documents/XillinxProjects/Projeto_V05/ps2_rx.vhd \
      PB ieee/std_logic_1164 1381692176 PB ieee/NUMERIC_STD 1381692181
AR work/ps2_rx/arch 1674726078 \
      FL C:/Users/Dallas/Documents/XillinxProjects/Projeto_V05/ps2_rx.vhd \
      EN work/ps2_rx 1674726077
FL C:/Users/Dallas/Documents/XillinxProjects/Projeto_V05/ps2_rxtx.vhd 2008/01/28.16:12:04 P.20131013
EN work/ps2_rxtx 1674726079 \
      FL C:/Users/Dallas/Documents/XillinxProjects/Projeto_V05/ps2_rxtx.vhd \
      PB ieee/std_logic_1164 1381692176
AR work/ps2_rxtx/arch 1674726080 \
      FL C:/Users/Dallas/Documents/XillinxProjects/Projeto_V05/ps2_rxtx.vhd \
      EN work/ps2_rxtx 1674726079 AR work/ps2_tx/arch 1674726076 \
      AR work/ps2_rx/arch 1674726078
FL C:/Users/Dallas/Documents/XillinxProjects/Projeto_V05/ps2_tx.vhd 2008/01/28.16:11:02 P.20131013
EN work/ps2_tx 1674726075 \
      FL C:/Users/Dallas/Documents/XillinxProjects/Projeto_V05/ps2_tx.vhd \
      PB ieee/std_logic_1164 1381692176 PB ieee/NUMERIC_STD 1381692181
AR work/ps2_tx/arch 1674726076 \
      FL C:/Users/Dallas/Documents/XillinxProjects/Projeto_V05/ps2_tx.vhd \
      EN work/ps2_tx 1674726075
FL C:/Users/Dallas/Documents/XillinxProjects/Projeto_V05/rng_unit.vhd 2023/01/25.21:45:46 P.20131013
EN work/rng_unit 1674726081 \
      FL C:/Users/Dallas/Documents/XillinxProjects/Projeto_V05/rng_unit.vhd \
      PB ieee/NUMERIC_STD 1381692181 PB ieee/std_logic_1164 1381692176 \
      PB ieee/STD_LOGIC_UNSIGNED 1381692179
AR work/rng_unit/behaviour 1674726082 \
      FL C:/Users/Dallas/Documents/XillinxProjects/Projeto_V05/rng_unit.vhd \
      EN work/rng_unit 1674726081
FL C:/Users/Dallas/Documents/XillinxProjects/Projeto_V05/screen_unit.vhd 2023/01/26.09:41:10 P.20131013
EN work/screen_unit 1674726093 \
      FL C:/Users/Dallas/Documents/XillinxProjects/Projeto_V05/screen_unit.vhd \
      PB ieee/std_logic_1164 1381692176 PB ieee/NUMERIC_STD 1381692181 \
      PB ieee/std_logic_arith 1381692177
AR work/screen_unit/arch 1674726094 \
      FL C:/Users/Dallas/Documents/XillinxProjects/Projeto_V05/screen_unit.vhd \
      EN work/screen_unit 1674726093 AR work/mouse/arch 1674726086 \
      AR work/char_rom/content 1674726088
FL C:/Users/Dallas/Documents/XillinxProjects/Projeto_V05/vga_sync.vhd 2017/11/02.16:31:35 P.20131013
EN work/vga_sync 1674726091 \
      FL C:/Users/Dallas/Documents/XillinxProjects/Projeto_V05/vga_sync.vhd \
      PB ieee/std_logic_1164 1381692176 PB ieee/NUMERIC_STD 1381692181
AR work/vga_sync/arch 1674726092 \
      FL C:/Users/Dallas/Documents/XillinxProjects/Projeto_V05/vga_sync.vhd \
      EN work/vga_sync 1674726091
